
azureuser@NewVM:~$ mkdir project
azureuser@NewVM:~$ cd project
azureuser@NewVM:~/project$ sudo apt-get update
Hit:1 http://azure.archive.ubuntu.com/ubuntu focal InRelease
Get:2 http://azure.archive.ubuntu.com/ubuntu focal-updates InRelease [114 kB]
Hit:3 http://azure.archive.ubuntu.com/ubuntu focal-backports InRelease
Get:4 http://azure.archive.ubuntu.com/ubuntu focal-security InRelease [114 kB]
Get:5 https://packages.microsoft.com/ubuntu/20.04/prod focal InRelease [3631 B]
Ign:6 https://pkg.jenkins.io/debian-stable binary/ InRelease
Hit:7 https://pkg.jenkins.io/debian-stable binary/ Release
Get:8 http://azure.archive.ubuntu.com/ubuntu focal-updates/main amd64 Packages [3028 kB]
Get:9 http://azure.archive.ubuntu.com/ubuntu focal-updates/main Translation-en [489 kB]
Get:10 http://azure.archive.ubuntu.com/ubuntu focal-updates/restricted amd64 Packages [2579 kB]
Get:11 http://azure.archive.ubuntu.com/ubuntu focal-updates/restricted Translation-en [360 kB]
Get:12 http://azure.archive.ubuntu.com/ubuntu focal-updates/universe amd64 Packages [1144 kB]
Get:13 http://azure.archive.ubuntu.com/ubuntu focal-updates/universe Translation-en [274 kB]
Get:14 http://azure.archive.ubuntu.com/ubuntu focal-security/main amd64 Packages [2643 kB]
Get:15 http://azure.archive.ubuntu.com/ubuntu focal-security/main Translation-en [406 kB]
Get:16 http://azure.archive.ubuntu.com/ubuntu focal-security/universe amd64 Packages [917 kB]
Get:17 http://azure.archive.ubuntu.com/ubuntu focal-security/universe Translation-en [192 kB]
Get:18 https://packages.microsoft.com/ubuntu/20.04/prod focal/main amd64 Packages [257 kB]
Fetched 12.5 MB in 3s (4180 kB/s)
Reading package lists... Done
azureuser@NewVM:~/project$ sudo apt-get install nginx
Reading package lists... Done
Building dependency tree
Reading state information... Done
The following packages were automatically installed and are no longer required:
  jsbeautifier libjs-jquery libjs-jstimezonedetect libjs-sprintf-js
  python3-editorconfig python3-jsbeautifier
Use 'sudo apt autoremove' to remove them.
The following additional packages will be installed:
  libgd3 libnginx-mod-http-image-filter libnginx-mod-http-xslt-filter
  libnginx-mod-mail libnginx-mod-stream nginx-common nginx-core
Suggested packages:
  libgd-tools fcgiwrap nginx-doc ssl-cert
The following NEW packages will be installed:
  libgd3 libnginx-mod-http-image-filter libnginx-mod-http-xslt-filter
  libnginx-mod-mail libnginx-mod-stream nginx nginx-common nginx-core
0 upgraded, 8 newly installed, 0 to remove and 11 not upgraded.
Need to get 723 kB of archives.
After this operation, 2604 kB of additional disk space will be used.
Do you want to continue? [Y/n] Y
Get:1 http://azure.archive.ubuntu.com/ubuntu focal-updates/main amd64 libgd3 amd64 2.2.5-5.2ubuntu2.1 [118 kB]
Get:2 http://azure.archive.ubuntu.com/ubuntu focal-updates/main amd64 nginx-common all 1.18.0-0ubuntu1.4 [37.7 kB]
Get:3 http://azure.archive.ubuntu.com/ubuntu focal-updates/main amd64 libnginx-mod-http-image-filter amd64 1.18.0-0ubuntu1.4 [14.8 kB]
Get:4 http://azure.archive.ubuntu.com/ubuntu focal-updates/main amd64 libnginx-mod-http-xslt-filter amd64 1.18.0-0ubuntu1.4 [13.0 kB]
Get:5 http://azure.archive.ubuntu.com/ubuntu focal-updates/main amd64 libnginx-mod-mail amd64 1.18.0-0ubuntu1.4 [42.9 kB]
Get:6 http://azure.archive.ubuntu.com/ubuntu focal-updates/main amd64 libnginx-mod-stream amd64 1.18.0-0ubuntu1.4 [67.4 kB]
Get:7 http://azure.archive.ubuntu.com/ubuntu focal-updates/main amd64 nginx-core amd64 1.18.0-0ubuntu1.4 [425 kB]
Get:8 http://azure.archive.ubuntu.com/ubuntu focal-updates/main amd64 nginx all 1.18.0-0ubuntu1.4 [3620 B]
Fetched 723 kB in 0s (16.3 MB/s)
Preconfiguring packages ...
Selecting previously unselected package libgd3:amd64.
(Reading database ... 94999 files and directories currently installed.)
Preparing to unpack .../0-libgd3_2.2.5-5.2ubuntu2.1_amd64.deb ...
Unpacking libgd3:amd64 (2.2.5-5.2ubuntu2.1) ...
Selecting previously unselected package nginx-common.
Preparing to unpack .../1-nginx-common_1.18.0-0ubuntu1.4_all.deb ...
Unpacking nginx-common (1.18.0-0ubuntu1.4) ...
Selecting previously unselected package libnginx-mod-http-image-filter.
Preparing to unpack .../2-libnginx-mod-http-image-filter_1.18.0-0ubuntu1.4_amd64.deb ...
Unpacking libnginx-mod-http-image-filter (1.18.0-0ubuntu1.4) ...
Selecting previously unselected package libnginx-mod-http-xslt-filter.
Preparing to unpack .../3-libnginx-mod-http-xslt-filter_1.18.0-0ubuntu1.4_amd64.deb ...
Unpacking libnginx-mod-http-xslt-filter (1.18.0-0ubuntu1.4) ...
Selecting previously unselected package libnginx-mod-mail.
Preparing to unpack .../4-libnginx-mod-mail_1.18.0-0ubuntu1.4_amd64.deb ...
Unpacking libnginx-mod-mail (1.18.0-0ubuntu1.4) ...
Selecting previously unselected package libnginx-mod-stream.
Preparing to unpack .../5-libnginx-mod-stream_1.18.0-0ubuntu1.4_amd64.deb ...
Unpacking libnginx-mod-stream (1.18.0-0ubuntu1.4) ...
^[[DSelecting previously unselected package nginx-core.
Preparing to unpack .../6-nginx-core_1.18.0-0ubuntu1.4_amd64.deb ...
Unpacking nginx-core (1.18.0-0ubuntu1.4) ...
Selecting previously unselected package nginx.
Preparing to unpack .../7-nginx_1.18.0-0ubuntu1.4_all.deb ...
Unpacking nginx (1.18.0-0ubuntu1.4) ...
Setting up nginx-common (1.18.0-0ubuntu1.4) ...
Created symlink /etc/systemd/system/multi-user.target.wants/nginx.service → /lib/systemd/system/nginx.service.
Setting up libnginx-mod-http-xslt-filter (1.18.0-0ubuntu1.4) ...
Setting up libgd3:amd64 (2.2.5-5.2ubuntu2.1) ...
Setting up libnginx-mod-mail (1.18.0-0ubuntu1.4) ...
Setting up libnginx-mod-http-image-filter (1.18.0-0ubuntu1.4) ...
Setting up libnginx-mod-stream (1.18.0-0ubuntu1.4) ...
Setting up nginx-core (1.18.0-0ubuntu1.4) ...
Setting up nginx (1.18.0-0ubuntu1.4) ...
Processing triggers for ufw (0.36-6ubuntu1.1) ...
Processing triggers for systemd (245.4-4ubuntu3.22) ...
Processing triggers for man-db (2.9.1-1) ...
Processing triggers for libc-bin (2.31-0ubuntu9.14) ...
azureuser@NewVM:~/project$ udo apt install python3-pip python3-dev build-essential libssl-dev libffi-dev python3-setuptools

Command 'udo' not found, but can be installed with:

sudo apt install udo

azureuser@NewVM:~/project$ sudo apt install python3-pip python3-dev build-essential libssl-dev libffi-dev python3-setuptools
Reading package lists... Done
Building dependency tree
Reading state information... Done
python3-dev is already the newest version (3.8.2-0ubuntu2).
python3-dev set to manually installed.
build-essential is already the newest version (12.8ubuntu1.1).
build-essential set to manually installed.
libssl-dev is already the newest version (1.1.1f-1ubuntu2.20).
libssl-dev set to manually installed.
python3-setuptools is already the newest version (45.2.0-1ubuntu0.1).
python3-pip is already the newest version (20.0.2-5ubuntu1.10).
The following packages were automatically installed and are no longer required:
  jsbeautifier libjs-jquery libjs-jstimezonedetect libjs-sprintf-js
  python3-editorconfig python3-jsbeautifier
Use 'sudo apt autoremove' to remove them.
The following NEW packages will be installed:
  libffi-dev
0 upgraded, 1 newly installed, 0 to remove and 11 not upgraded.
Need to get 57.0 kB of archives.
After this operation, 312 kB of additional disk space will be used.
Do you want to continue? [Y/n] Y
Get:1 http://azure.archive.ubuntu.com/ubuntu focal/main amd64 libffi-dev amd64 3.3-4 [57.0 kB]
Fetched 57.0 kB in 0s (1025 kB/s)
Selecting previously unselected package libffi-dev:amd64.
(Reading database ... 95085 files and directories currently installed.)
Preparing to unpack .../libffi-dev_3.3-4_amd64.deb ...
Unpacking libffi-dev:amd64 (3.3-4) ...
Setting up libffi-dev:amd64 (3.3-4) ...
Processing triggers for install-info (6.7.0.dfsg.2-5) ...
Processing triggers for man-db (2.9.1-1) ...
azureuser@NewVM:~/project$ sudo apt install python3-venv
Reading package lists... Done
Building dependency tree
Reading state information... Done
The following packages were automatically installed and are no longer required:
  jsbeautifier libjs-jquery libjs-jstimezonedetect libjs-sprintf-js
  python3-editorconfig python3-jsbeautifier
Use 'sudo apt autoremove' to remove them.
The following NEW packages will be installed:
  python3-venv
0 upgraded, 1 newly installed, 0 to remove and 11 not upgraded.
Need to get 1228 B of archives.
After this operation, 11.3 kB of additional disk space will be used.
Get:1 http://azure.archive.ubuntu.com/ubuntu focal/universe amd64 python3-venv amd64 3.8.2-0ubuntu2 [1228 B]
Fetched 1228 B in 0s (40.3 kB/s)
Selecting previously unselected package python3-venv.
(Reading database ... 95119 files and directories currently installed.)
Preparing to unpack .../python3-venv_3.8.2-0ubuntu2_amd64.deb ...
Unpacking python3-venv (3.8.2-0ubuntu2) ...
Setting up python3-venv (3.8.2-0ubuntu2) ...
Processing triggers for man-db (2.9.1-1) ...
azureuser@NewVM:~/project$ sudo systemctl status nginx
● nginx.service - A high performance web server and a reverse proxy server
     Loaded: loaded (/lib/systemd/system/nginx.service; enabled; vendor pre>     Active: active (running) since Wed 2024-01-10 05:36:59 UTC; 9min ago
       Docs: man:nginx(8)
   Main PID: 2913 (nginx)
      Tasks: 3 (limit: 4625)
     Memory: 6.4M
     CGroup: /system.slice/nginx.service
             ├─2913 nginx: master process /usr/sbin/nginx -g daemon on; mas>             ├─2914 nginx: worker process
             └─2915 nginx: worker process

Jan 10 05:36:59 NewVM systemd[1]: Starting A high performance web server an>Jan 10 05:36:59 NewVM systemd[1]: Started A high performance web server and>...skipping...
● nginx.service - A high performance web server and a reverse proxy server
     Loaded: loaded (/lib/systemd/system/nginx.service; enabled; vendor pre>     Active: active (running) since Wed 2024-01-10 05:36:59 UTC; 9min ago
       Docs: man:nginx(8)
   Main PID: 2913 (nginx)
      Tasks: 3 (limit: 4625)
     Memory: 6.4M
     CGroup: /system.slice/nginx.service
             ├─2913 nginx: master process /usr/sbin/nginx -g daemon on; mas>             ├─2914 nginx: worker process
             └─2915 nginx: worker process

Jan 10 05:36:59 NewVM systemd[1]: Starting A high performance web server an>Jan 10 05:36:59 NewVM systemd[1]: Started A high performance web server and>~
~
~
~
~
~
~
~
~
~
~
~
~
~
~
~
~
~
~
~
~
~
~
~

azureuser@NewVM:~/project$ pip install virtual env
ERROR: Could not find a version that satisfies the requirement virtual (from versions: none)
ERROR: No matching distribution found for virtual
azureuser@NewVM:~/project$ pip install virtualenv
Collecting virtualenv
  Downloading virtualenv-20.25.0-py3-none-any.whl (3.8 MB)
     |████████████████████████████████| 3.8 MB 16.6 MB/s
Collecting distlib<1,>=0.3.7
  Downloading distlib-0.3.8-py2.py3-none-any.whl (468 kB)
     |████████████████████████████████| 468 kB 81.0 MB/s
Collecting platformdirs<5,>=3.9.1
  Downloading platformdirs-4.1.0-py3-none-any.whl (17 kB)
Collecting filelock<4,>=3.12.2
  Downloading filelock-3.13.1-py3-none-any.whl (11 kB)
Installing collected packages: distlib, platformdirs, filelock, virtualenv
Successfully installed distlib-0.3.8 filelock-3.13.1 platformdirs-4.1.0 virtualenv-20.25.0
azureuser@NewVM:~/project$ pip3 install virtualenv
Requirement already satisfied: virtualenv in /home/azureuser/.local/lib/python3.8/site-packages (20.25.0)
Requirement already satisfied: distlib<1,>=0.3.7 in /home/azureuser/.local/lib/python3.8/site-packages (from virtualenv) (0.3.8)
Requirement already satisfied: platformdirs<5,>=3.9.1 in /home/azureuser/.local/lib/python3.8/site-packages (from virtualenv) (4.1.0)
Requirement already satisfied: filelock<4,>=3.12.2 in /home/azureuser/.local/lib/python3.8/site-packages (from virtualenv) (3.13.1)
azureuser@NewVM:~/project$ python3 -m virtualenv projectenv
created virtual environment CPython3.8.10.final.0-64 in 575ms
  creator CPython3Posix(dest=/home/azureuser/project/projectenv, clear=False, no_vcs_ignore=False, global=False)
  seeder FromAppData(download=False, pip=bundle, setuptools=bundle, wheel=bundle, via=copy, app_data_dir=/home/azureuser/.local/share/virtualenv)
    added seed packages: pip==23.3.1, setuptools==69.0.2, wheel==0.42.0
  activators BashActivator,CShellActivator,FishActivator,NushellActivator,PowerShellActivator,PythonActivator
azureuser@NewVM:~/project$ source projectenv/bin/activate
(projectenv) azureuser@NewVM:~/project$ pip install wheel
Requirement already satisfied: wheel in ./projectenv/lib/python3.8/site-packages (0.42.0)

[notice] A new release of pip is available: 23.3.1 -> 23.3.2
[notice] To update, run: pip install --upgrade pip
(projectenv) azureuser@NewVM:~/project$ pip install --upgrade pip
Requirement already satisfied: pip in ./projectenv/lib/python3.8/site-packages (23.3.1)
Collecting pip
  Using cached pip-23.3.2-py3-none-any.whl.metadata (3.5 kB)
Using cached pip-23.3.2-py3-none-any.whl (2.1 MB)
Installing collected packages: pip
  Attempting uninstall: pip
    Found existing installation: pip 23.3.1
    Uninstalling pip-23.3.1:
      Successfully uninstalled pip-23.3.1
Successfully installed pip-23.3.2
(projectenv) azureuser@NewVM:~/project$ pip install wheel
Requirement already satisfied: wheel in ./projectenv/lib/python3.8/site-packages (0.42.0)
(projectenv) azureuser@NewVM:~/project$ pip install uwsgi flask
Collecting uwsgi
  Downloading uwsgi-2.0.23.tar.gz (810 kB)
     ━━━━━━━━━━━━━━━━━━━━━━━━━━━━━━━━━━ 810.3/810.3 kB 21.9 MB/s eta 0:00:00  Preparing metadata (setup.py) ... done
Collecting flask
  Downloading flask-3.0.0-py3-none-any.whl.metadata (3.6 kB)
Collecting Werkzeug>=3.0.0 (from flask)
  Downloading werkzeug-3.0.1-py3-none-any.whl.metadata (4.1 kB)
Collecting Jinja2>=3.1.2 (from flask)
  Downloading Jinja2-3.1.2-py3-none-any.whl (133 kB)
     ━━━━━━━━━━━━━━━━━━━━━━━━━━━━━━━━━━━ 133.1/133.1 kB 9.0 MB/s eta 0:00:00Collecting itsdangerous>=2.1.2 (from flask)
  Downloading itsdangerous-2.1.2-py3-none-any.whl (15 kB)
Collecting click>=8.1.3 (from flask)
  Downloading click-8.1.7-py3-none-any.whl.metadata (3.0 kB)
Collecting blinker>=1.6.2 (from flask)
  Downloading blinker-1.7.0-py3-none-any.whl.metadata (1.9 kB)
Collecting importlib-metadata>=3.6.0 (from flask)
  Downloading importlib_metadata-7.0.1-py3-none-any.whl.metadata (4.9 kB)
Collecting zipp>=0.5 (from importlib-metadata>=3.6.0->flask)
  Downloading zipp-3.17.0-py3-none-any.whl.metadata (3.7 kB)
Collecting MarkupSafe>=2.0 (from Jinja2>=3.1.2->flask)
  Downloading MarkupSafe-2.1.3-cp38-cp38-manylinux_2_17_x86_64.manylinux2014_x86_64.whl.metadata (3.0 kB)
Downloading flask-3.0.0-py3-none-any.whl (99 kB)
   ━━━━━━━━━━━━━━━━━━━━━━━━━━━━━━━━━━━━━━━ 99.7/99.7 kB 6.1 MB/s eta 0:00:00Downloading blinker-1.7.0-py3-none-any.whl (13 kB)
Downloading click-8.1.7-py3-none-any.whl (97 kB)
   ━━━━━━━━━━━━━━━━━━━━━━━━━━━━━━━━━━━━━━━ 97.9/97.9 kB 8.0 MB/s eta 0:00:00Downloading importlib_metadata-7.0.1-py3-none-any.whl (23 kB)
Downloading werkzeug-3.0.1-py3-none-any.whl (226 kB)
   ━━━━━━━━━━━━━━━━━━━━━━━━━━━━━━━━━━━━ 226.7/226.7 kB 13.3 MB/s eta 0:00:00Downloading MarkupSafe-2.1.3-cp38-cp38-manylinux_2_17_x86_64.manylinux2014_x86_64.whl (25 kB)
Downloading zipp-3.17.0-py3-none-any.whl (7.4 kB)
Building wheels for collected packages: uwsgi
  Building wheel for uwsgi (setup.py) ... done
  Created wheel for uwsgi: filename=uWSGI-2.0.23-cp38-cp38-linux_x86_64.whl size=555304 sha256=1ad12180a57d309a1f6b87193b50be553fb0030a5f36b98780f6747083845488
  Stored in directory: /home/azureuser/.cache/pip/wheels/ae/a6/40/dae334f100486594c673d733650f961ce5e34f45e50e22487d
Successfully built uwsgi
Installing collected packages: uwsgi, zipp, MarkupSafe, itsdangerous, click, blinker, Werkzeug, Jinja2, importlib-metadata, flask
Successfully installed Jinja2-3.1.2 MarkupSafe-2.1.3 Werkzeug-3.0.1 blinker-1.7.0 click-8.1.7 flask-3.0.0 importlib-metadata-7.0.1 itsdangerous-2.1.2 uwsgi-2.0.23 zipp-3.17.0
(projectenv) azureuser@NewVM:~/project$ vim ~/project/project.py
(projectenv) azureuser@NewVM:~/project$ vim ~/project/project.py
(projectenv) azureuser@NewVM:~/project$ ls
project.py  projectenv
(projectenv) azureuser@NewVM:~/project$ python3 project.py
Traceback (most recent call last):
  File "project.py", line 10, in <module>
    from waitress import serve
ModuleNotFoundError: No module named 'waitress'
(projectenv) azureuser@NewVM:~/project$ vim ~/project/project.py
(projectenv) azureuser@NewVM:~/project$ python3 project.py
 * Serving Flask app 'project'
 * Debug mode: off
WARNING: This is a development server. Do not use it in a production deployment. Use a production WSGI server instead.
 * Running on all addresses (0.0.0.0)
 * Running on http://127.0.0.1:5000
 * Running on http://10.1.0.4:5000
Press CTRL+C to quit
^C(projectenv) azureuser@NewVM:~/project$ vim ~/project/wsgi.py
(projectenv) azureuser@NewVM:~/project$ deactivate
azureuser@NewVM:~/project$ vim ~/project/project.ini
azureuser@NewVM:~/project$ pwd
/home/azureuser/project
azureuser@NewVM:~/project$ sudo vim /etc/systemd/system/project.service
azureuser@NewVM:~/project$ sudo vim /etc/systemd/system/project.service
azureuser@NewVM:~/project$ sudo vim /etc/systemd/system/project.service
azureuser@NewVM:~/project$ sudo systemctl start project
azureuser@NewVM:~/project$ sudo systemctl enable project
Created symlink /etc/systemd/system/multi-user.target.wants/project.service → /etc/systemd/system/project.service.
azureuser@NewVM:~/project$ sudo systemctl status project
● project.service - uWSGI instance to serve project
     Loaded: loaded (/etc/systemd/system/project.service; enabled; vendor p>     Active: failed (Result: exit-code) since Wed 2024-01-10 06:45:13 UTC; >   Main PID: 5457 (code=exited, status=216/GROUP)

Jan 10 06:45:13 NewVM systemd[1]: Started uWSGI instance to serve project.
Jan 10 06:45:13 NewVM systemd[5457]: project.service: Failed to determine g>Jan 10 06:45:13 NewVM systemd[5457]: project.service: Failed at step GROUP >Jan 10 06:45:13 NewVM systemd[1]: project.service: Main process exited, cod>Jan 10 06:45:13 NewVM systemd[1]: project.service: Failed with result 'exit>lines 1-10/10 (END)...skipping...
● project.service - uWSGI instance to serve project
     Loaded: loaded (/etc/systemd/system/project.service; enabled; vendor preset: enabled)
     Active: failed (Result: exit-code) since Wed 2024-01-10 06:45:13 UTC; 20s ago
   Main PID: 5457 (code=exited, status=216/GROUP)

Jan 10 06:45:13 NewVM systemd[1]: Started uWSGI instance to serve project.
Jan 10 06:45:13 NewVM systemd[5457]: project.service: Failed to determine group credentials: No such process
Jan 10 06:45:13 NewVM systemd[5457]: project.service: Failed at step GROUP spawning /home/azureuser/project/projectenv/bin/uwsgi: No such process
Jan 10 06:45:13 NewVM systemd[1]: project.service: Main process exited, code=exited, status=216/GROUP
Jan 10 06:45:13 NewVM systemd[1]: project.service: Failed with result 'exit-code'.
~
~
~
~
~
~
~
~
~
~
~
~
~
~
~
~
~
~
~
~
~
~
~
~
~
~
~
~
~
azureuser@NewVM:~/project$ ^C
azureuser@NewVM:~/project$ vim ~/project/project.ini
azureuser@NewVM:~/project$ sudo vim /etc/systemd/system/project.service
azureuser@NewVM:~/project$ sudo systemctl start project
Warning: The unit file, source configuration file or drop-ins of project.service changed on disk. Run 'systemctl daemon-reload' to reload units.
azureuser@NewVM:~/project$ sudo systemctl stop project
Warning: The unit file, source configuration file or drop-ins of project.service changed on disk. Run 'systemctl daemon-reload' to reload units.
azureuser@NewVM:~/project$ sudo systemctl daemon-reload
azureuser@NewVM:~/project$ sudo systemctl start project
azureuser@NewVM:~/project$ sudo systemctl enable project
azureuser@NewVM:~/project$ sudo systemctl status project
● project.service - uWSGI instance to serve project
     Loaded: loaded (/etc/systemd/system/project.service; enabled; vendor preset: enabled)
     Active: failed (Result: exit-code) since Wed 2024-01-10 06:48:21 UTC; 29s ago
   Main PID: 6544 (code=exited, status=216/GROUP)

Jan 10 06:48:21 NewVM systemd[1]: Started uWSGI instance to serve project.
Jan 10 06:48:21 NewVM systemd[6544]: project.service: Failed to determine group credentials: No such process
Jan 10 06:48:21 NewVM systemd[6544]: project.service: Failed at step GROUP spawning /home/azureuser/project/projectenv/bin/uwsgi: No such process
Jan 10 06:48:21 NewVM systemd[1]: project.service: Main process exited, code=exited, status=216/GROUP
Jan 10 06:48:21 NewVM systemd[1]: project.service: Failed with result 'exit-code'.
azureuser@NewVM:~/project$ sudo vim /etc/systemd/system/project.service
azureuser@NewVM:~/project$ sudo systemctl daemon-reload
azureuser@NewVM:~/project$ sudo systemctl start project
azureuser@NewVM:~/project$ sudo systemctl enable project
azureuser@NewVM:~/project$ sudo systemctl status project
● project.service - uWSGI instance to serve project
     Loaded: loaded (/etc/systemd/system/project.service; enabled; vendor preset: enabled)
     Active: active (running) since Wed 2024-01-10 06:52:42 UTC; 12s ago
   Main PID: 6761 (uwsgi)
      Tasks: 6 (limit: 4625)
     Memory: 18.3M
     CGroup: /system.slice/project.service
             ├─6761 /home/azureuser/project/projectenv/bin/uwsgi --ini project.ini
             ├─6762 /home/azureuser/project/projectenv/bin/uwsgi --ini project.ini
             ├─6763 /home/azureuser/project/projectenv/bin/uwsgi --ini project.ini
             ├─6764 /home/azureuser/project/projectenv/bin/uwsgi --ini project.ini
             ├─6765 /home/azureuser/project/projectenv/bin/uwsgi --ini project.ini
             └─6766 /home/azureuser/project/projectenv/bin/uwsgi --ini project.ini

Jan 10 06:52:42 NewVM systemd[1]: Started uWSGI instance to serve project.
Jan 10 06:52:42 NewVM uwsgi[6761]: [uWSGI] getting INI configuration from project.ini
azureuser@NewVM:~/project$ sudo vim /etc/nginx/sites-available/project
azureuser@NewVM:~/project$ sudo ln -s /etc/nginx/sites-available/project /etc/nginx/sites-enabled
azureuser@NewVM:~/project$ sudo nginx -t
nginx: the configuration file /etc/nginx/nginx.conf syntax is ok
nginx: configuration file /etc/nginx/nginx.conf test is successful
azureuser@NewVM:~/project$ sudo systemctl restart nginx
azureuser@NewVM:~/project$ sudo vim /etc/nginx/sites-available/project
azureuser@NewVM:~/project$ sudo ln -s /etc/nginx/sites-available/project /etc/nginx/sites-enabled
ln: failed to create symbolic link '/etc/nginx/sites-enabled/project': File exists
azureuser@NewVM:~/project$  sudo systemctl daemon-reload
azureuser@NewVM:~/project$ sudo systemctl start project
azureuser@NewVM:~/project$ sudo systemctl enable project
azureuser@NewVM:~/project$ sudo systemctl status project
● project.service - uWSGI instance to serve project
     Loaded: loaded (/etc/systemd/system/project.service; enabled; vendor p>     Active: active (running) since Wed 2024-01-10 06:52:42 UTC; 6min ago
   Main PID: 6761 (uwsgi)
      Tasks: 6 (limit: 4625)
     Memory: 18.3M
     CGroup: /system.slice/project.service
             ├─6761 /home/azureuser/project/projectenv/bin/uwsgi --ini proj>             ├─6762 /home/azureuser/project/projectenv/bin/uwsgi --ini proj>             ├─6763 /home/azureuser/project/projectenv/bin/uwsgi --ini proj>             ├─6764 /home/azureuser/project/projectenv/bin/uwsgi --ini proj>             ├─6765 /home/azureuser/project/projectenv/bin/uwsgi --ini proj>             └─6766 /home/azureuser/project/projectenv/bin/uwsgi --ini proj>
Jan 10 06:52:42 NewVM systemd[1]: Started uWSGI instance to serve project.
Jan 10 06:52:42 NewVM uwsgi[6761]: [uWSGI] getting INI configuration from p>
azureuser@NewVM:~/project$ sudo vim /etc/nginx/sites-available/project
<ginx/sites-available/project" 8L, 160C writtenailable/project"
azureuser@NewVM:~/project$ sudo vim /etc/nginx/sites-available/project
azureuser@NewVM:~/project$ sudo ln -s /etc/nginx/sites-available/project /etc/nginx/sites-enabled
ln: failed to create symbolic link '/etc/nginx/sites-enabled/project': File exists
azureuser@NewVM:~/project$ sudo nginx -t
nginx: the configuration file /etc/nginx/nginx.conf syntax is ok
nginx: configuration file /etc/nginx/nginx.conf test is successful
azureuser@NewVM:~/project$ sudo systemctl restart nginx
azureuser@NewVM:~/project$ sudo vim /etc/nginx/sites-available/project
azureuser@NewVM:~/project$ sudo ln -s /etc/nginx/sites-available/project /etc/nginx/sites-enabled
ln: failed to create symbolic link '/etc/nginx/sites-enabled/project': File exists
azureuser@NewVM:~/project$ sudo nginx -t
nginx: [emerg] invalid host in upstream "ubuntu:/home/azureuser/project/project.sock" in /etc/nginx/sites-enabled/project:6
nginx: configuration file /etc/nginx/nginx.conf test failed
azureuser@NewVM:~/project$ sudo vim /etc/nginx/sites-available/project
azureuser@NewVM:~/project$ sudo ln -s /etc/nginx/sites-available/project /etc/nginx/sites-enabled
ln: failed to create symbolic link '/etc/nginx/sites-enabled/project': File exists
azureuser@NewVM:~/project$ sudo nginx -t
nginx: the configuration file /etc/nginx/nginx.conf syntax is ok
nginx: configuration file /etc/nginx/nginx.conf test is successful
azureuser@NewVM:~/project$ sudo systemctl restart nginx
azureuser@NewVM:~/project$
